diamond v2.1.13.167 (C) Max Planck Society for the Advancement of Science, Benjamin Buchfink, University of Tuebingen
Documentation, support and updates available at http://www.diamondsearch.org
Please cite: http://dx.doi.org/10.1038/s41592-021-01101-x Nature Methods (2021)

#CPU threads: 6
Scoring parameters: (Matrix=BLOSUM62 Lambda=0.267 K=0.041 Penalties=11/1)
Temporary directory: ../../processed_data
#Target sequences to report alignments for: 25
Opening the database...  [0.05s]
Database: ihed_diamond.dmnd (type: Diamond database, sequences: 39963, letters: 16004245)
Block size = 2000000000
Opening the input file...  [0.026s]
Opening the output file...  [0s]
Loading query sequences...  [0s]
Masking queries...  [0s]
Algorithm: Double-indexed
Building query histograms...  [0s]
Seeking in database...  [0s]
Loading reference sequences...  [0.01s]
Masking reference...  [0.111s]
Initializing temporary storage...  [0.02s]
Building reference histograms...  [0.322s]
Allocating buffers...  [0s]
Processing query block 1, reference block 1/1, shape 1/16, index chunk 1/4.
Building reference seed array...  [0.051s]
Building query seed array...  [0s]
Computing hash join...  [0.007s]
Masking low complexity seeds...  [0s]
Searching alignments...  [0.002s]
Deallocating memory...  [0s]
Processing query block 1, reference block 1/1, shape 1/16, index chunk 2/4.
Building reference seed array...  [0.056s]
Building query seed array...  [0s]
Computing hash join...  [0.007s]
Masking low complexity seeds...  [0s]
Searching alignments...  [0s]
Deallocating memory...  [0s]
Processing query block 1, reference block 1/1, shape 1/16, index chunk 3/4.
Building reference seed array...  [0.061s]
Building query seed array...  [0s]
Computing hash join...  [0.004s]
Masking low complexity seeds...  [0s]
Searching alignments...  [0s]
Deallocating memory...  [0s]
Processing query block 1, reference block 1/1, shape 1/16, index chunk 4/4.
Building reference seed array...  [0.041s]
Building query seed array...  [0s]
Computing hash join...  [0.004s]
Masking low complexity seeds...  [0s]
Searching alignments...  [0s]
Deallocating memory...  [0s]
Processing query block 1, reference block 1/1, shape 2/16, index chunk 1/4.
Building reference seed array...  [0.051s]
Building query seed array...  [0s]
Computing hash join...  [0.005s]
Masking low complexity seeds...  [0s]
Searching alignments...  [0s]
Deallocating memory...  [0s]
Processing query block 1, reference block 1/1, shape 2/16, index chunk 2/4.
Building reference seed array...  [0.069s]
Building query seed array...  [0s]
Computing hash join...  [0.004s]
Masking low complexity seeds...  [0s]
Searching alignments...  [0s]
Deallocating memory...  [0s]
Processing query block 1, reference block 1/1, shape 2/16, index chunk 3/4.
Building reference seed array...  [0.058s]
Building query seed array...  [0s]
Computing hash join...  [0.004s]
Masking low complexity seeds...  [0s]
Searching alignments...  [0s]
Deallocating memory...  [0s]
Processing query block 1, reference block 1/1, shape 2/16, index chunk 4/4.
Building reference seed array...  [0.045s]
Building query seed array...  [0s]
Computing hash join...  [0.004s]
Masking low complexity seeds...  [0s]
Searching alignments...  [0s]
Deallocating memory...  [0s]
Processing query block 1, reference block 1/1, shape 3/16, index chunk 1/4.
Building reference seed array...  [0.043s]
Building query seed array...  [0s]
Computing hash join...  [0.005s]
Masking low complexity seeds...  [0s]
Searching alignments...  [0s]
Deallocating memory...  [0s]
Processing query block 1, reference block 1/1, shape 3/16, index chunk 2/4.
Building reference seed array...  [0.07s]
Building query seed array...  [0s]
Computing hash join...  [0.005s]
Masking low complexity seeds...  [0s]
Searching alignments...  [0s]
Deallocating memory...  [0s]
Processing query block 1, reference block 1/1, shape 3/16, index chunk 3/4.
Building reference seed array...  [0.062s]
Building query seed array...  [0s]
Computing hash join...  [0.005s]
Masking low complexity seeds...  [0s]
Searching alignments...  [0s]
Deallocating memory...  [0s]
Processing query block 1, reference block 1/1, shape 3/16, index chunk 4/4.
Building reference seed array...  [0.05s]
Building query seed array...  [0s]
Computing hash join...  [0.007s]
Masking low complexity seeds...  [0s]
Searching alignments...  [0s]
Deallocating memory...  [0s]
Processing query block 1, reference block 1/1, shape 4/16, index chunk 1/4.
Building reference seed array...  [0.054s]
Building query seed array...  [0s]
Computing hash join...  [0.007s]
Masking low complexity seeds...  [0s]
Searching alignments...  [0s]
Deallocating memory...  [0s]
Processing query block 1, reference block 1/1, shape 4/16, index chunk 2/4.
Building reference seed array...  [0.07s]
Building query seed array...  [0s]
Computing hash join...  [0.006s]
Masking low complexity seeds...  [0s]
Searching alignments...  [0s]
Deallocating memory...  [0s]
Processing query block 1, reference block 1/1, shape 4/16, index chunk 3/4.
Building reference seed array...  [0.074s]
Building query seed array...  [0s]
Computing hash join...  [0.006s]
Masking low complexity seeds...  [0s]
Searching alignments...  [0s]
Deallocating memory...  [0s]
Processing query block 1, reference block 1/1, shape 4/16, index chunk 4/4.
Building reference seed array...  [0.048s]
Building query seed array...  [0s]
Computing hash join...  [0.007s]
Masking low complexity seeds...  [0s]
Searching alignments...  [0s]
Deallocating memory...  [0s]
Processing query block 1, reference block 1/1, shape 5/16, index chunk 1/4.
Building reference seed array...  [0.064s]
Building query seed array...  [0s]
Computing hash join...  [0.004s]
Masking low complexity seeds...  [0s]
Searching alignments...  [0s]
Deallocating memory...  [0s]
Processing query block 1, reference block 1/1, shape 5/16, index chunk 2/4.
Building reference seed array...  [0.073s]
Building query seed array...  [0s]
Computing hash join...  [0.005s]
Masking low complexity seeds...  [0s]
Searching alignments...  [0s]
Deallocating memory...  [0s]
Processing query block 1, reference block 1/1, shape 5/16, index chunk 3/4.
Building reference seed array...  [0.065s]
Building query seed array...  [0s]
Computing hash join...  [0.005s]
Masking low complexity seeds...  [0s]
Searching alignments...  [0s]
Deallocating memory...  [0s]
Processing query block 1, reference block 1/1, shape 5/16, index chunk 4/4.
Building reference seed array...  [0.05s]
Building query seed array...  [0s]
Computing hash join...  [0.007s]
Masking low complexity seeds...  [0s]
Searching alignments...  [0s]
Deallocating memory...  [0s]
Processing query block 1, reference block 1/1, shape 6/16, index chunk 1/4.
Building reference seed array...  [0.055s]
Building query seed array...  [0s]
Computing hash join...  [0.007s]
Masking low complexity seeds...  [0s]
Searching alignments...  [0s]
Deallocating memory...  [0s]
Processing query block 1, reference block 1/1, shape 6/16, index chunk 2/4.
Building reference seed array...  [0.076s]
Building query seed array...  [0s]
Computing hash join...  [0.007s]
Masking low complexity seeds...  [0s]
Searching alignments...  [0s]
Deallocating memory...  [0s]
Processing query block 1, reference block 1/1, shape 6/16, index chunk 3/4.
Building reference seed array...  [0.079s]
Building query seed array...  [0s]
Computing hash join...  [0.003s]
Masking low complexity seeds...  [0s]
Searching alignments...  [0s]
Deallocating memory...  [0s]
Processing query block 1, reference block 1/1, shape 6/16, index chunk 4/4.
Building reference seed array...  [0.047s]
Building query seed array...  [0s]
Computing hash join...  [0.004s]
Masking low complexity seeds...  [0s]
Searching alignments...  [0s]
Deallocating memory...  [0s]
Processing query block 1, reference block 1/1, shape 7/16, index chunk 1/4.
Building reference seed array...  [0.035s]
Building query seed array...  [0s]
Computing hash join...  [0.007s]
Masking low complexity seeds...  [0s]
Searching alignments...  [0s]
Deallocating memory...  [0s]
Processing query block 1, reference block 1/1, shape 7/16, index chunk 2/4.
Building reference seed array...  [0.074s]
Building query seed array...  [0s]
Computing hash join...  [0.004s]
Masking low complexity seeds...  [0s]
Searching alignments...  [0s]
Deallocating memory...  [0s]
Processing query block 1, reference block 1/1, shape 7/16, index chunk 3/4.
Building reference seed array...  [0.061s]
Building query seed array...  [0s]
Computing hash join...  [0.004s]
Masking low complexity seeds...  [0s]
Searching alignments...  [0s]
Deallocating memory...  [0s]
Processing query block 1, reference block 1/1, shape 7/16, index chunk 4/4.
Building reference seed array...  [0.052s]
Building query seed array...  [0s]
Computing hash join...  [0.004s]
Masking low complexity seeds...  [0s]
Searching alignments...  [0s]
Deallocating memory...  [0s]
Processing query block 1, reference block 1/1, shape 8/16, index chunk 1/4.
Building reference seed array...  [0.044s]
Building query seed array...  [0s]
Computing hash join...  [0.004s]
Masking low complexity seeds...  [0s]
Searching alignments...  [0s]
Deallocating memory...  [0s]
Processing query block 1, reference block 1/1, shape 8/16, index chunk 2/4.
Building reference seed array...  [0.075s]
Building query seed array...  [0s]
Computing hash join...  [0.004s]
Masking low complexity seeds...  [0s]
Searching alignments...  [0s]
Deallocating memory...  [0s]
Processing query block 1, reference block 1/1, shape 8/16, index chunk 3/4.
Building reference seed array...  [0.061s]
Building query seed array...  [0s]
Computing hash join...  [0.004s]
Masking low complexity seeds...  [0s]
Searching alignments...  [0s]
Deallocating memory...  [0s]
Processing query block 1, reference block 1/1, shape 8/16, index chunk 4/4.
Building reference seed array...  [0.055s]
Building query seed array...  [0s]
Computing hash join...  [0.007s]
Masking low complexity seeds...  [0s]
Searching alignments...  [0s]
Deallocating memory...  [0s]
Processing query block 1, reference block 1/1, shape 9/16, index chunk 1/4.
Building reference seed array...  [0.057s]
Building query seed array...  [0s]
Computing hash join...  [0.004s]
Masking low complexity seeds...  [0s]
Searching alignments...  [0s]
Deallocating memory...  [0s]
Processing query block 1, reference block 1/1, shape 9/16, index chunk 2/4.
Building reference seed array...  [0.07s]
Building query seed array...  [0s]
Computing hash join...  [0.004s]
Masking low complexity seeds...  [0s]
Searching alignments...  [0s]
Deallocating memory...  [0s]
Processing query block 1, reference block 1/1, shape 9/16, index chunk 3/4.
Building reference seed array...  [0.052s]
Building query seed array...  [0s]
Computing hash join...  [0.004s]
Masking low complexity seeds...  [0s]
Searching alignments...  [0s]
Deallocating memory...  [0s]
Processing query block 1, reference block 1/1, shape 9/16, index chunk 4/4.
Building reference seed array...  [0.041s]
Building query seed array...  [0s]
Computing hash join...  [0.006s]
Masking low complexity seeds...  [0s]
Searching alignments...  [0s]
Deallocating memory...  [0s]
Processing query block 1, reference block 1/1, shape 10/16, index chunk 1/4.
Building reference seed array...  [0.044s]
Building query seed array...  [0s]
Computing hash join...  [0.006s]
Masking low complexity seeds...  [0s]
Searching alignments...  [0s]
Deallocating memory...  [0s]
Processing query block 1, reference block 1/1, shape 10/16, index chunk 2/4.
Building reference seed array...  [0.062s]
Building query seed array...  [0s]
Computing hash join...  [0.004s]
Masking low complexity seeds...  [0s]
Searching alignments...  [0s]
Deallocating memory...  [0s]
Processing query block 1, reference block 1/1, shape 10/16, index chunk 3/4.
Building reference seed array...  [0.058s]
Building query seed array...  [0s]
Computing hash join...  [0.007s]
Masking low complexity seeds...  [0s]
Searching alignments...  [0s]
Deallocating memory...  [0s]
Processing query block 1, reference block 1/1, shape 10/16, index chunk 4/4.
Building reference seed array...  [0.054s]
Building query seed array...  [0s]
Computing hash join...  [0.006s]
Masking low complexity seeds...  [0s]
Searching alignments...  [0s]
Deallocating memory...  [0s]
Processing query block 1, reference block 1/1, shape 11/16, index chunk 1/4.
Building reference seed array...  [0.051s]
Building query seed array...  [0s]
Computing hash join...  [0.004s]
Masking low complexity seeds...  [0s]
Searching alignments...  [0s]
Deallocating memory...  [0s]
Processing query block 1, reference block 1/1, shape 11/16, index chunk 2/4.
Building reference seed array...  [0.075s]
Building query seed array...  [0s]
Computing hash join...  [0.004s]
Masking low complexity seeds...  [0s]
Searching alignments...  [0s]
Deallocating memory...  [0s]
Processing query block 1, reference block 1/1, shape 11/16, index chunk 3/4.
Building reference seed array...  [0.058s]
Building query seed array...  [0s]
Computing hash join...  [0.004s]
Masking low complexity seeds...  [0s]
Searching alignments...  [0s]
Deallocating memory...  [0s]
Processing query block 1, reference block 1/1, shape 11/16, index chunk 4/4.
Building reference seed array...  [0.054s]
Building query seed array...  [0s]
Computing hash join...  [0.006s]
Masking low complexity seeds...  [0s]
Searching alignments...  [0s]
Deallocating memory...  [0s]
Processing query block 1, reference block 1/1, shape 12/16, index chunk 1/4.
Building reference seed array...  [0.052s]
Building query seed array...  [0s]
Computing hash join...  [0.004s]
Masking low complexity seeds...  [0s]
Searching alignments...  [0s]
Deallocating memory...  [0s]
Processing query block 1, reference block 1/1, shape 12/16, index chunk 2/4.
Building reference seed array...  [0.062s]
Building query seed array...  [0s]
Computing hash join...  [0.004s]
Masking low complexity seeds...  [0s]
Searching alignments...  [0s]
Deallocating memory...  [0s]
Processing query block 1, reference block 1/1, shape 12/16, index chunk 3/4.
Building reference seed array...  [0.053s]
Building query seed array...  [0s]
Computing hash join...  [0.007s]
Masking low complexity seeds...  [0s]
Searching alignments...  [0s]
Deallocating memory...  [0s]
Processing query block 1, reference block 1/1, shape 12/16, index chunk 4/4.
Building reference seed array...  [0.049s]
Building query seed array...  [0s]
Computing hash join...  [0.005s]
Masking low complexity seeds...  [0s]
Searching alignments...  [0s]
Deallocating memory...  [0s]
Processing query block 1, reference block 1/1, shape 13/16, index chunk 1/4.
Building reference seed array...  [0.047s]
Building query seed array...  [0s]
Computing hash join...  [0.008s]
Masking low complexity seeds...  [0s]
Searching alignments...  [0s]
Deallocating memory...  [0s]
Processing query block 1, reference block 1/1, shape 13/16, index chunk 2/4.
Building reference seed array...  [0.086s]
Building query seed array...  [0s]
Computing hash join...  [0.008s]
Masking low complexity seeds...  [0s]
Searching alignments...  [0s]
Deallocating memory...  [0s]
Processing query block 1, reference block 1/1, shape 13/16, index chunk 3/4.
Building reference seed array...  [0.076s]
Building query seed array...  [0s]
Computing hash join...  [0.006s]
Masking low complexity seeds...  [0s]
Searching alignments...  [0s]
Deallocating memory...  [0s]
Processing query block 1, reference block 1/1, shape 13/16, index chunk 4/4.
Building reference seed array...  [0.063s]
Building query seed array...  [0s]
Computing hash join...  [0.007s]
Masking low complexity seeds...  [0s]
Searching alignments...  [0s]
Deallocating memory...  [0s]
Processing query block 1, reference block 1/1, shape 14/16, index chunk 1/4.
Building reference seed array...  [0.057s]
Building query seed array...  [0s]
Computing hash join...  [0.007s]
Masking low complexity seeds...  [0s]
Searching alignments...  [0s]
Deallocating memory...  [0s]
Processing query block 1, reference block 1/1, shape 14/16, index chunk 2/4.
Building reference seed array...  [0.082s]
Building query seed array...  [0s]
Computing hash join...  [0.007s]
Masking low complexity seeds...  [0s]
Searching alignments...  [0s]
Deallocating memory...  [0s]
Processing query block 1, reference block 1/1, shape 14/16, index chunk 3/4.
Building reference seed array...  [0.07s]
Building query seed array...  [0s]
Computing hash join...  [0.007s]
Masking low complexity seeds...  [0s]
Searching alignments...  [0s]
Deallocating memory...  [0s]
Processing query block 1, reference block 1/1, shape 14/16, index chunk 4/4.
Building reference seed array...  [0.039s]
Building query seed array...  [0s]
Computing hash join...  [0.006s]
Masking low complexity seeds...  [0s]
Searching alignments...  [0s]
Deallocating memory...  [0s]
Processing query block 1, reference block 1/1, shape 15/16, index chunk 1/4.
Building reference seed array...  [0.059s]
Building query seed array...  [0s]
Computing hash join...  [0.004s]
Masking low complexity seeds...  [0s]
Searching alignments...  [0s]
Deallocating memory...  [0s]
Processing query block 1, reference block 1/1, shape 15/16, index chunk 2/4.
Building reference seed array...  [0.086s]
Building query seed array...  [0s]
Computing hash join...  [0.007s]
Masking low complexity seeds...  [0s]
Searching alignments...  [0s]
Deallocating memory...  [0s]
Processing query block 1, reference block 1/1, shape 15/16, index chunk 3/4.
Building reference seed array...  [0.06s]
Building query seed array...  [0s]
Computing hash join...  [0.004s]
Masking low complexity seeds...  [0s]
Searching alignments...  [0s]
Deallocating memory...  [0s]
Processing query block 1, reference block 1/1, shape 15/16, index chunk 4/4.
Building reference seed array...  [0.057s]
Building query seed array...  [0s]
Computing hash join...  [0.007s]
Masking low complexity seeds...  [0s]
Searching alignments...  [0s]
Deallocating memory...  [0s]
Processing query block 1, reference block 1/1, shape 16/16, index chunk 1/4.
Building reference seed array...  [0.052s]
Building query seed array...  [0s]
Computing hash join...  [0.007s]
Masking low complexity seeds...  [0s]
Searching alignments...  [0s]
Deallocating memory...  [0s]
Processing query block 1, reference block 1/1, shape 16/16, index chunk 2/4.
Building reference seed array...  [0.077s]
Building query seed array...  [0s]
Computing hash join...  [0.006s]
Masking low complexity seeds...  [0s]
Searching alignments...  [0s]
Deallocating memory...  [0s]
Processing query block 1, reference block 1/1, shape 16/16, index chunk 3/4.
Building reference seed array...  [0.075s]
Building query seed array...  [0s]
Computing hash join...  [0.005s]
Masking low complexity seeds...  [0s]
Searching alignments...  [0s]
Deallocating memory...  [0s]
Processing query block 1, reference block 1/1, shape 16/16, index chunk 4/4.
Building reference seed array...  [0.048s]
Building query seed array...  [0s]
Computing hash join...  [0.004s]
Masking low complexity seeds...  [0s]
Searching alignments...  [0s]
Deallocating memory...  [0s]
Deallocating buffers...  [0s]
Clearing query masking...  [0s]
Computing alignments...  [0.238s]
Deallocating reference...  [0s]
Loading reference sequences...  [0s]
Deallocating buffers...  [0s]
Deallocating queries...  [0s]
Loading query sequences...  [0s]
Closing the input file...  [0s]
Closing the output file...  [0.012s]
Closing the database...  [0s]
Cleaning up...  [0s]
Total time = 5.102s
Reported 25 pairwise alignments, 25 HSPs.
1 queries aligned.
diamond v2.1.13.167 (C) Max Planck Society for the Advancement of Science, Benjamin Buchfink, University of Tuebingen
Documentation, support and updates available at http://www.diamondsearch.org
Please cite: http://dx.doi.org/10.1038/s41592-021-01101-x Nature Methods (2021)

#CPU threads: 6
Scoring parameters: (Matrix=BLOSUM62 Lambda=0.267 K=0.041 Penalties=11/1)
Temporary directory: ../../processed_data
#Target sequences to report alignments for: 25
Opening the database...  [0.006s]
Database: ihed_diamond.dmnd (type: Diamond database, sequences: 39963, letters: 16004245)
Block size = 2000000000
Opening the input file...  [0.015s]
Opening the output file...  [0.001s]
Loading query sequences...  [0s]
Masking queries...  [0s]
Algorithm: Double-indexed
Building query histograms...  [0s]
Seeking in database...  [0s]
Loading reference sequences...  [0.01s]
Masking reference...  [0.115s]
Initializing temporary storage...  [0.028s]
Building reference histograms...  [0.472s]
Allocating buffers...  [0s]
Processing query block 1, reference block 1/1, shape 1/16, index chunk 1/4.
Building reference seed array...  [0.046s]
Building query seed array...  [0s]
Computing hash join...  [0.006s]
Masking low complexity seeds...  [0s]
Searching alignments...  [0.001s]
Deallocating memory...  [0s]
Processing query block 1, reference block 1/1, shape 1/16, index chunk 2/4.
Building reference seed array...  [0.066s]
Building query seed array...  [0s]
Computing hash join...  [0.004s]
Masking low complexity seeds...  [0s]
Searching alignments...  [0s]
Deallocating memory...  [0s]
Processing query block 1, reference block 1/1, shape 1/16, index chunk 3/4.
Building reference seed array...  [0.064s]
Building query seed array...  [0s]
Computing hash join...  [0.004s]
Masking low complexity seeds...  [0s]
Searching alignments...  [0s]
Deallocating memory...  [0s]
Processing query block 1, reference block 1/1, shape 1/16, index chunk 4/4.
Building reference seed array...  [0.044s]
Building query seed array...  [0s]
Computing hash join...  [0.006s]
Masking low complexity seeds...  [0s]
Searching alignments...  [0s]
Deallocating memory...  [0s]
Processing query block 1, reference block 1/1, shape 2/16, index chunk 1/4.
Building reference seed array...  [0.052s]
Building query seed array...  [0s]
Computing hash join...  [0.007s]
Masking low complexity seeds...  [0s]
Searching alignments...  [0s]
Deallocating memory...  [0s]
Processing query block 1, reference block 1/1, shape 2/16, index chunk 2/4.
Building reference seed array...  [0.065s]
Building query seed array...  [0s]
Computing hash join...  [0.005s]
Masking low complexity seeds...  [0s]
Searching alignments...  [0s]
Deallocating memory...  [0s]
Processing query block 1, reference block 1/1, shape 2/16, index chunk 3/4.
Building reference seed array...  [0.057s]
Building query seed array...  [0s]
Computing hash join...  [0.007s]
Masking low complexity seeds...  [0s]
Searching alignments...  [0s]
Deallocating memory...  [0s]
Processing query block 1, reference block 1/1, shape 2/16, index chunk 4/4.
Building reference seed array...  [0.049s]
Building query seed array...  [0s]
Computing hash join...  [0.006s]
Masking low complexity seeds...  [0s]
Searching alignments...  [0s]
Deallocating memory...  [0s]
Processing query block 1, reference block 1/1, shape 3/16, index chunk 1/4.
Building reference seed array...  [0.049s]
Building query seed array...  [0s]
Computing hash join...  [0.005s]
Masking low complexity seeds...  [0s]
Searching alignments...  [0s]
Deallocating memory...  [0s]
Processing query block 1, reference block 1/1, shape 3/16, index chunk 2/4.
Building reference seed array...  [0.07s]
Building query seed array...  [0s]
Computing hash join...  [0.007s]
Masking low complexity seeds...  [0s]
Searching alignments...  [0s]
Deallocating memory...  [0s]
Processing query block 1, reference block 1/1, shape 3/16, index chunk 3/4.
Building reference seed array...  [0.06s]
Building query seed array...  [0s]
Computing hash join...  [0.006s]
Masking low complexity seeds...  [0s]
Searching alignments...  [0s]
Deallocating memory...  [0s]
Processing query block 1, reference block 1/1, shape 3/16, index chunk 4/4.
Building reference seed array...  [0.049s]
Building query seed array...  [0s]
Computing hash join...  [0.006s]
Masking low complexity seeds...  [0s]
Searching alignments...  [0s]
Deallocating memory...  [0s]
Processing query block 1, reference block 1/1, shape 4/16, index chunk 1/4.
Building reference seed array...  [0.051s]
Building query seed array...  [0s]
Computing hash join...  [0.006s]
Masking low complexity seeds...  [0s]
Searching alignments...  [0s]
Deallocating memory...  [0s]
Processing query block 1, reference block 1/1, shape 4/16, index chunk 2/4.
Building reference seed array...  [0.077s]
Building query seed array...  [0s]
Computing hash join...  [0.007s]
Masking low complexity seeds...  [0s]
Searching alignments...  [0s]
Deallocating memory...  [0s]
Processing query block 1, reference block 1/1, shape 4/16, index chunk 3/4.
Building reference seed array...  [0.067s]
Building query seed array...  [0s]
Computing hash join...  [0.007s]
Masking low complexity seeds...  [0s]
Searching alignments...  [0s]
Deallocating memory...  [0s]
Processing query block 1, reference block 1/1, shape 4/16, index chunk 4/4.
Building reference seed array...  [0.051s]
Building query seed array...  [0s]
Computing hash join...  [0.007s]
Masking low complexity seeds...  [0s]
Searching alignments...  [0s]
Deallocating memory...  [0s]
Processing query block 1, reference block 1/1, shape 5/16, index chunk 1/4.
Building reference seed array...  [0.052s]
Building query seed array...  [0s]
Computing hash join...  [0.007s]
Masking low complexity seeds...  [0s]
Searching alignments...  [0s]
Deallocating memory...  [0s]
Processing query block 1, reference block 1/1, shape 5/16, index chunk 2/4.
Building reference seed array...  [0.073s]
Building query seed array...  [0s]
Computing hash join...  [0.005s]
Masking low complexity seeds...  [0s]
Searching alignments...  [0s]
Deallocating memory...  [0s]
Processing query block 1, reference block 1/1, shape 5/16, index chunk 3/4.
Building reference seed array...  [0.053s]
Building query seed array...  [0s]
Computing hash join...  [0.005s]
Masking low complexity seeds...  [0s]
Searching alignments...  [0s]
Deallocating memory...  [0s]
Processing query block 1, reference block 1/1, shape 5/16, index chunk 4/4.
Building reference seed array...  [0.052s]
Building query seed array...  [0s]
Computing hash join...  [0.005s]
Masking low complexity seeds...  [0s]
Searching alignments...  [0s]
Deallocating memory...  [0s]
Processing query block 1, reference block 1/1, shape 6/16, index chunk 1/4.
Building reference seed array...  [0.046s]
Building query seed array...  [0s]
Computing hash join...  [0.005s]
Masking low complexity seeds...  [0s]
Searching alignments...  [0s]
Deallocating memory...  [0s]
Processing query block 1, reference block 1/1, shape 6/16, index chunk 2/4.
Building reference seed array...  [0.068s]
Building query seed array...  [0s]
Computing hash join...  [0.005s]
Masking low complexity seeds...  [0s]
Searching alignments...  [0s]
Deallocating memory...  [0s]
Processing query block 1, reference block 1/1, shape 6/16, index chunk 3/4.
Building reference seed array...  [0.062s]
Building query seed array...  [0s]
Computing hash join...  [0.007s]
Masking low complexity seeds...  [0s]
Searching alignments...  [0s]
Deallocating memory...  [0s]
Processing query block 1, reference block 1/1, shape 6/16, index chunk 4/4.
Building reference seed array...  [0.034s]
Building query seed array...  [0s]
Computing hash join...  [0.006s]
Masking low complexity seeds...  [0s]
Searching alignments...  [0s]
Deallocating memory...  [0s]
Processing query block 1, reference block 1/1, shape 7/16, index chunk 1/4.
Building reference seed array...  [0.048s]
Building query seed array...  [0s]
Computing hash join...  [0.006s]
Masking low complexity seeds...  [0s]
Searching alignments...  [0s]
Deallocating memory...  [0s]
Processing query block 1, reference block 1/1, shape 7/16, index chunk 2/4.
Building reference seed array...  [0.066s]
Building query seed array...  [0s]
Computing hash join...  [0.005s]
Masking low complexity seeds...  [0s]
Searching alignments...  [0s]
Deallocating memory...  [0s]
Processing query block 1, reference block 1/1, shape 7/16, index chunk 3/4.
Building reference seed array...  [0.051s]
Building query seed array...  [0s]
Computing hash join...  [0.005s]
Masking low complexity seeds...  [0s]
Searching alignments...  [0s]
Deallocating memory...  [0s]
Processing query block 1, reference block 1/1, shape 7/16, index chunk 4/4.
Building reference seed array...  [0.048s]
Building query seed array...  [0s]
Computing hash join...  [0.006s]
Masking low complexity seeds...  [0s]
Searching alignments...  [0s]
Deallocating memory...  [0s]
Processing query block 1, reference block 1/1, shape 8/16, index chunk 1/4.
Building reference seed array...  [0.056s]
Building query seed array...  [0s]
Computing hash join...  [0.005s]
Masking low complexity seeds...  [0s]
Searching alignments...  [0s]
Deallocating memory...  [0s]
Processing query block 1, reference block 1/1, shape 8/16, index chunk 2/4.
Building reference seed array...  [0.059s]
Building query seed array...  [0s]
Computing hash join...  [0.006s]
Masking low complexity seeds...  [0s]
Searching alignments...  [0s]
Deallocating memory...  [0s]
Processing query block 1, reference block 1/1, shape 8/16, index chunk 3/4.
Building reference seed array...  [0.054s]
Building query seed array...  [0s]
Computing hash join...  [0.005s]
Masking low complexity seeds...  [0s]
Searching alignments...  [0s]
Deallocating memory...  [0s]
Processing query block 1, reference block 1/1, shape 8/16, index chunk 4/4.
Building reference seed array...  [0.049s]
Building query seed array...  [0s]
Computing hash join...  [0.005s]
Masking low complexity seeds...  [0s]
Searching alignments...  [0s]
Deallocating memory...  [0s]
Processing query block 1, reference block 1/1, shape 9/16, index chunk 1/4.
Building reference seed array...  [0.051s]
Building query seed array...  [0s]
Computing hash join...  [0.006s]
Masking low complexity seeds...  [0s]
Searching alignments...  [0s]
Deallocating memory...  [0s]
Processing query block 1, reference block 1/1, shape 9/16, index chunk 2/4.
Building reference seed array...  [0.064s]
Building query seed array...  [0s]
Computing hash join...  [0.005s]
Masking low complexity seeds...  [0s]
Searching alignments...  [0s]
Deallocating memory...  [0s]
Processing query block 1, reference block 1/1, shape 9/16, index chunk 3/4.
Building reference seed array...  [0.059s]
Building query seed array...  [0s]
Computing hash join...  [0.005s]
Masking low complexity seeds...  [0s]
Searching alignments...  [0s]
Deallocating memory...  [0s]
Processing query block 1, reference block 1/1, shape 9/16, index chunk 4/4.
Building reference seed array...  [0.05s]
Building query seed array...  [0s]
Computing hash join...  [0.006s]
Masking low complexity seeds...  [0s]
Searching alignments...  [0s]
Deallocating memory...  [0s]
Processing query block 1, reference block 1/1, shape 10/16, index chunk 1/4.
Building reference seed array...  [0.052s]
Building query seed array...  [0s]
Computing hash join...  [0.005s]
Masking low complexity seeds...  [0s]
Searching alignments...  [0s]
Deallocating memory...  [0s]
Processing query block 1, reference block 1/1, shape 10/16, index chunk 2/4.
Building reference seed array...  [0.07s]
Building query seed array...  [0s]
Computing hash join...  [0.007s]
Masking low complexity seeds...  [0s]
Searching alignments...  [0s]
Deallocating memory...  [0s]
Processing query block 1, reference block 1/1, shape 10/16, index chunk 3/4.
Building reference seed array...  [0.059s]
Building query seed array...  [0s]
Computing hash join...  [0.005s]
Masking low complexity seeds...  [0s]
Searching alignments...  [0s]
Deallocating memory...  [0s]
Processing query block 1, reference block 1/1, shape 10/16, index chunk 4/4.
Building reference seed array...  [0.034s]
Building query seed array...  [0s]
Computing hash join...  [0.005s]
Masking low complexity seeds...  [0s]
Searching alignments...  [0s]
Deallocating memory...  [0s]
Processing query block 1, reference block 1/1, shape 11/16, index chunk 1/4.
Building reference seed array...  [0.048s]
Building query seed array...  [0s]
Computing hash join...  [0.004s]
Masking low complexity seeds...  [0s]
Searching alignments...  [0s]
Deallocating memory...  [0s]
Processing query block 1, reference block 1/1, shape 11/16, index chunk 2/4.
Building reference seed array...  [0.064s]
Building query seed array...  [0s]
Computing hash join...  [0.005s]
Masking low complexity seeds...  [0s]
Searching alignments...  [0s]
Deallocating memory...  [0s]
Processing query block 1, reference block 1/1, shape 11/16, index chunk 3/4.
Building reference seed array...  [0.055s]
Building query seed array...  [0s]
Computing hash join...  [0.006s]
Masking low complexity seeds...  [0s]
Searching alignments...  [0s]
Deallocating memory...  [0s]
Processing query block 1, reference block 1/1, shape 11/16, index chunk 4/4.
Building reference seed array...  [0.05s]
Building query seed array...  [0s]
Computing hash join...  [0.007s]
Masking low complexity seeds...  [0s]
Searching alignments...  [0s]
Deallocating memory...  [0s]
Processing query block 1, reference block 1/1, shape 12/16, index chunk 1/4.
Building reference seed array...  [0.029s]
Building query seed array...  [0s]
Computing hash join...  [0.006s]
Masking low complexity seeds...  [0s]
Searching alignments...  [0s]
Deallocating memory...  [0s]
Processing query block 1, reference block 1/1, shape 12/16, index chunk 2/4.
Building reference seed array...  [0.072s]
Building query seed array...  [0s]
Computing hash join...  [0.004s]
Masking low complexity seeds...  [0s]
Searching alignments...  [0s]
Deallocating memory...  [0s]
Processing query block 1, reference block 1/1, shape 12/16, index chunk 3/4.
Building reference seed array...  [0.058s]
Building query seed array...  [0s]
Computing hash join...  [0.006s]
Masking low complexity seeds...  [0s]
Searching alignments...  [0s]
Deallocating memory...  [0s]
Processing query block 1, reference block 1/1, shape 12/16, index chunk 4/4.
Building reference seed array...  [0.05s]
Building query seed array...  [0s]
Computing hash join...  [0.005s]
Masking low complexity seeds...  [0s]
Searching alignments...  [0s]
Deallocating memory...  [0s]
Processing query block 1, reference block 1/1, shape 13/16, index chunk 1/4.
Building reference seed array...  [0.047s]
Building query seed array...  [0s]
Computing hash join...  [0.005s]
Masking low complexity seeds...  [0s]
Searching alignments...  [0s]
Deallocating memory...  [0s]
Processing query block 1, reference block 1/1, shape 13/16, index chunk 2/4.
Building reference seed array...  [0.068s]
Building query seed array...  [0s]
Computing hash join...  [0.005s]
Masking low complexity seeds...  [0s]
Searching alignments...  [0s]
Deallocating memory...  [0s]
Processing query block 1, reference block 1/1, shape 13/16, index chunk 3/4.
Building reference seed array...  [0.06s]
Building query seed array...  [0s]
Computing hash join...  [0.006s]
Masking low complexity seeds...  [0s]
Searching alignments...  [0s]
Deallocating memory...  [0s]
Processing query block 1, reference block 1/1, shape 13/16, index chunk 4/4.
Building reference seed array...  [0.049s]
Building query seed array...  [0s]
Computing hash join...  [0.004s]
Masking low complexity seeds...  [0s]
Searching alignments...  [0s]
Deallocating memory...  [0s]
Processing query block 1, reference block 1/1, shape 14/16, index chunk 1/4.
Building reference seed array...  [0.051s]
Building query seed array...  [0s]
Computing hash join...  [0.004s]
Masking low complexity seeds...  [0s]
Searching alignments...  [0s]
Deallocating memory...  [0s]
Processing query block 1, reference block 1/1, shape 14/16, index chunk 2/4.
Building reference seed array...  [0.062s]
Building query seed array...  [0s]
Computing hash join...  [0.006s]
Masking low complexity seeds...  [0s]
Searching alignments...  [0s]
Deallocating memory...  [0s]
Processing query block 1, reference block 1/1, shape 14/16, index chunk 3/4.
Building reference seed array...  [0.05s]
Building query seed array...  [0s]
Computing hash join...  [0.007s]
Masking low complexity seeds...  [0s]
Searching alignments...  [0s]
Deallocating memory...  [0s]
Processing query block 1, reference block 1/1, shape 14/16, index chunk 4/4.
Building reference seed array...  [0.055s]
Building query seed array...  [0s]
Computing hash join...  [0.006s]
Masking low complexity seeds...  [0s]
Searching alignments...  [0s]
Deallocating memory...  [0s]
Processing query block 1, reference block 1/1, shape 15/16, index chunk 1/4.
Building reference seed array...  [0.052s]
Building query seed array...  [0s]
Computing hash join...  [0.006s]
Masking low complexity seeds...  [0s]
Searching alignments...  [0s]
Deallocating memory...  [0s]
Processing query block 1, reference block 1/1, shape 15/16, index chunk 2/4.
Building reference seed array...  [0.062s]
Building query seed array...  [0s]
Computing hash join...  [0.007s]
Masking low complexity seeds...  [0s]
Searching alignments...  [0s]
Deallocating memory...  [0s]
Processing query block 1, reference block 1/1, shape 15/16, index chunk 3/4.
Building reference seed array...  [0.068s]
Building query seed array...  [0s]
Computing hash join...  [0.007s]
Masking low complexity seeds...  [0s]
Searching alignments...  [0s]
Deallocating memory...  [0s]
Processing query block 1, reference block 1/1, shape 15/16, index chunk 4/4.
Building reference seed array...  [0.046s]
Building query seed array...  [0s]
Computing hash join...  [0.006s]
Masking low complexity seeds...  [0s]
Searching alignments...  [0s]
Deallocating memory...  [0s]
Processing query block 1, reference block 1/1, shape 16/16, index chunk 1/4.
Building reference seed array...  [0.052s]
Building query seed array...  [0s]
Computing hash join...  [0.006s]
Masking low complexity seeds...  [0s]
Searching alignments...  [0s]
Deallocating memory...  [0s]
Processing query block 1, reference block 1/1, shape 16/16, index chunk 2/4.
Building reference seed array...  [0.075s]
Building query seed array...  [0s]
Computing hash join...  [0.007s]
Masking low complexity seeds...  [0s]
Searching alignments...  [0s]
Deallocating memory...  [0s]
Processing query block 1, reference block 1/1, shape 16/16, index chunk 3/4.
Building reference seed array...  [0.062s]
Building query seed array...  [0s]
Computing hash join...  [0.006s]
Masking low complexity seeds...  [0s]
Searching alignments...  [0s]
Deallocating memory...  [0s]
Processing query block 1, reference block 1/1, shape 16/16, index chunk 4/4.
Building reference seed array...  [0.044s]
Building query seed array...  [0s]
Computing hash join...  [0.006s]
Masking low complexity seeds...  [0s]
Searching alignments...  [0s]
Deallocating memory...  [0s]
Deallocating buffers...  [0s]
Clearing query masking...  [0s]
Computing alignments...  [0.163s]
Deallocating reference...  [0s]
Loading reference sequences...  [0s]
Deallocating buffers...  [0s]
Deallocating queries...  [0s]
Loading query sequences...  [0s]
Closing the input file...  [0.001s]
Closing the output file...  [0.013s]
Closing the database...  [0s]
Cleaning up...  [0s]
Total time = 4.906s
Reported 25 pairwise alignments, 25 HSPs.
1 queries aligned.
diamond v2.1.13.167 (C) Max Planck Society for the Advancement of Science, Benjamin Buchfink, University of Tuebingen
Documentation, support and updates available at http://www.diamondsearch.org
Please cite: http://dx.doi.org/10.1038/s41592-021-01101-x Nature Methods (2021)

#CPU threads: 6
Scoring parameters: (Matrix=BLOSUM62 Lambda=0.267 K=0.041 Penalties=11/1)
Temporary directory: ../../processed_data
#Target sequences to report alignments for: 25
Opening the database...  [0.006s]
Database: ihed_diamond.dmnd (type: Diamond database, sequences: 39963, letters: 16004245)
Block size = 2000000000
Opening the input file...  [0.019s]
Opening the output file...  [0s]
Loading query sequences...  [0s]
Masking queries...  [0.001s]
Algorithm: Double-indexed
Building query histograms...  [0s]
Seeking in database...  [0s]
Loading reference sequences...  [0.01s]
Masking reference...  [0.141s]
Initializing temporary storage...  [0.016s]
Building reference histograms...  [0.36s]
Allocating buffers...  [0s]
Processing query block 1, reference block 1/1, shape 1/16, index chunk 1/4.
Building reference seed array...  [0.042s]
Building query seed array...  [0s]
Computing hash join...  [0.005s]
Masking low complexity seeds...  [0s]
Searching alignments...  [0.001s]
Deallocating memory...  [0s]
Processing query block 1, reference block 1/1, shape 1/16, index chunk 2/4.
Building reference seed array...  [0.077s]
Building query seed array...  [0s]
Computing hash join...  [0.006s]
Masking low complexity seeds...  [0s]
Searching alignments...  [0s]
Deallocating memory...  [0s]
Processing query block 1, reference block 1/1, shape 1/16, index chunk 3/4.
Building reference seed array...  [0.067s]
Building query seed array...  [0s]
Computing hash join...  [0.006s]
Masking low complexity seeds...  [0s]
Searching alignments...  [0s]
Deallocating memory...  [0s]
Processing query block 1, reference block 1/1, shape 1/16, index chunk 4/4.
Building reference seed array...  [0.056s]
Building query seed array...  [0s]
Computing hash join...  [0.007s]
Masking low complexity seeds...  [0s]
Searching alignments...  [0s]
Deallocating memory...  [0s]
Processing query block 1, reference block 1/1, shape 2/16, index chunk 1/4.
Building reference seed array...  [0.061s]
Building query seed array...  [0.001s]
Computing hash join...  [0.006s]
Masking low complexity seeds...  [0s]
Searching alignments...  [0s]
Deallocating memory...  [0s]
Processing query block 1, reference block 1/1, shape 2/16, index chunk 2/4.
Building reference seed array...  [0.083s]
Building query seed array...  [0s]
Computing hash join...  [0.006s]
Masking low complexity seeds...  [0s]
Searching alignments...  [0s]
Deallocating memory...  [0s]
Processing query block 1, reference block 1/1, shape 2/16, index chunk 3/4.
Building reference seed array...  [0.066s]
Building query seed array...  [0s]
Computing hash join...  [0.006s]
Masking low complexity seeds...  [0s]
Searching alignments...  [0s]
Deallocating memory...  [0s]
Processing query block 1, reference block 1/1, shape 2/16, index chunk 4/4.
Building reference seed array...  [0.058s]
Building query seed array...  [0s]
Computing hash join...  [0.006s]
Masking low complexity seeds...  [0s]
Searching alignments...  [0s]
Deallocating memory...  [0s]
Processing query block 1, reference block 1/1, shape 3/16, index chunk 1/4.
Building reference seed array...  [0.053s]
Building query seed array...  [0s]
Computing hash join...  [0.004s]
Masking low complexity seeds...  [0s]
Searching alignments...  [0s]
Deallocating memory...  [0s]
Processing query block 1, reference block 1/1, shape 3/16, index chunk 2/4.
Building reference seed array...  [0.069s]
Building query seed array...  [0s]
Computing hash join...  [0.006s]
Masking low complexity seeds...  [0s]
Searching alignments...  [0s]
Deallocating memory...  [0s]
Processing query block 1, reference block 1/1, shape 3/16, index chunk 3/4.
Building reference seed array...  [0.05s]
Building query seed array...  [0s]
Computing hash join...  [0.005s]
Masking low complexity seeds...  [0s]
Searching alignments...  [0s]
Deallocating memory...  [0s]
Processing query block 1, reference block 1/1, shape 3/16, index chunk 4/4.
Building reference seed array...  [0.048s]
Building query seed array...  [0s]
Computing hash join...  [0.005s]
Masking low complexity seeds...  [0s]
Searching alignments...  [0s]
Deallocating memory...  [0s]
Processing query block 1, reference block 1/1, shape 4/16, index chunk 1/4.
Building reference seed array...  [0.038s]
Building query seed array...  [0s]
Computing hash join...  [0.006s]
Masking low complexity seeds...  [0s]
Searching alignments...  [0s]
Deallocating memory...  [0s]
Processing query block 1, reference block 1/1, shape 4/16, index chunk 2/4.
Building reference seed array...  [0.052s]
Building query seed array...  [0s]
Computing hash join...  [0.006s]
Masking low complexity seeds...  [0s]
Searching alignments...  [0s]
Deallocating memory...  [0s]
Processing query block 1, reference block 1/1, shape 4/16, index chunk 3/4.
Building reference seed array...  [0.067s]
Building query seed array...  [0s]
Computing hash join...  [0.007s]
Masking low complexity seeds...  [0s]
Searching alignments...  [0s]
Deallocating memory...  [0s]
Processing query block 1, reference block 1/1, shape 4/16, index chunk 4/4.
Building reference seed array...  [0.052s]
Building query seed array...  [0s]
Computing hash join...  [0.006s]
Masking low complexity seeds...  [0s]
Searching alignments...  [0s]
Deallocating memory...  [0s]
Processing query block 1, reference block 1/1, shape 5/16, index chunk 1/4.
Building reference seed array...  [0.054s]
Building query seed array...  [0s]
Computing hash join...  [0.006s]
Masking low complexity seeds...  [0s]
Searching alignments...  [0s]
Deallocating memory...  [0s]
Processing query block 1, reference block 1/1, shape 5/16, index chunk 2/4.
Building reference seed array...  [0.079s]
Building query seed array...  [0s]
Computing hash join...  [0.006s]
Masking low complexity seeds...  [0s]
Searching alignments...  [0s]
Deallocating memory...  [0s]
Processing query block 1, reference block 1/1, shape 5/16, index chunk 3/4.
Building reference seed array...  [0.057s]
Building query seed array...  [0s]
Computing hash join...  [0.007s]
Masking low complexity seeds...  [0s]
Searching alignments...  [0s]
Deallocating memory...  [0s]
Processing query block 1, reference block 1/1, shape 5/16, index chunk 4/4.
Building reference seed array...  [0.04s]
Building query seed array...  [0s]
Computing hash join...  [0.005s]
Masking low complexity seeds...  [0s]
Searching alignments...  [0s]
Deallocating memory...  [0s]
Processing query block 1, reference block 1/1, shape 6/16, index chunk 1/4.
Building reference seed array...  [0.049s]
Building query seed array...  [0s]
Computing hash join...  [0.006s]
Masking low complexity seeds...  [0s]
Searching alignments...  [0s]
Deallocating memory...  [0s]
Processing query block 1, reference block 1/1, shape 6/16, index chunk 2/4.
Building reference seed array...  [0.043s]
Building query seed array...  [0s]
Computing hash join...  [0.006s]
Masking low complexity seeds...  [0s]
Searching alignments...  [0s]
Deallocating memory...  [0s]
Processing query block 1, reference block 1/1, shape 6/16, index chunk 3/4.
Building reference seed array...  [0.064s]
Building query seed array...  [0s]
Computing hash join...  [0.006s]
Masking low complexity seeds...  [0s]
Searching alignments...  [0s]
Deallocating memory...  [0s]
Processing query block 1, reference block 1/1, shape 6/16, index chunk 4/4.
Building reference seed array...  [0.046s]
Building query seed array...  [0s]
Computing hash join...  [0.006s]
Masking low complexity seeds...  [0s]
Searching alignments...  [0s]
Deallocating memory...  [0s]
Processing query block 1, reference block 1/1, shape 7/16, index chunk 1/4.
Building reference seed array...  [0.053s]
Building query seed array...  [0s]
Computing hash join...  [0.007s]
Masking low complexity seeds...  [0s]
Searching alignments...  [0s]
Deallocating memory...  [0s]
Processing query block 1, reference block 1/1, shape 7/16, index chunk 2/4.
Building reference seed array...  [0.063s]
Building query seed array...  [0s]
Computing hash join...  [0.006s]
Masking low complexity seeds...  [0s]
Searching alignments...  [0s]
Deallocating memory...  [0s]
Processing query block 1, reference block 1/1, shape 7/16, index chunk 3/4.
Building reference seed array...  [0.06s]
Building query seed array...  [0s]
Computing hash join...  [0.006s]
Masking low complexity seeds...  [0s]
Searching alignments...  [0s]
Deallocating memory...  [0s]
Processing query block 1, reference block 1/1, shape 7/16, index chunk 4/4.
Building reference seed array...  [0.05s]
Building query seed array...  [0s]
Computing hash join...  [0.006s]
Masking low complexity seeds...  [0s]
Searching alignments...  [0s]
Deallocating memory...  [0s]
Processing query block 1, reference block 1/1, shape 8/16, index chunk 1/4.
Building reference seed array...  [0.042s]
Building query seed array...  [0s]
Computing hash join...  [0.006s]
Masking low complexity seeds...  [0s]
Searching alignments...  [0s]
Deallocating memory...  [0s]
Processing query block 1, reference block 1/1, shape 8/16, index chunk 2/4.
Building reference seed array...  [0.066s]
Building query seed array...  [0s]
Computing hash join...  [0.007s]
Masking low complexity seeds...  [0s]
Searching alignments...  [0s]
Deallocating memory...  [0s]
Processing query block 1, reference block 1/1, shape 8/16, index chunk 3/4.
Building reference seed array...  [0.06s]
Building query seed array...  [0s]
Computing hash join...  [0.006s]
Masking low complexity seeds...  [0s]
Searching alignments...  [0s]
Deallocating memory...  [0s]
Processing query block 1, reference block 1/1, shape 8/16, index chunk 4/4.
Building reference seed array...  [0.055s]
Building query seed array...  [0s]
Computing hash join...  [0.006s]
Masking low complexity seeds...  [0s]
Searching alignments...  [0s]
Deallocating memory...  [0s]
Processing query block 1, reference block 1/1, shape 9/16, index chunk 1/4.
Building reference seed array...  [0.05s]
Building query seed array...  [0s]
Computing hash join...  [0.006s]
Masking low complexity seeds...  [0s]
Searching alignments...  [0s]
Deallocating memory...  [0s]
Processing query block 1, reference block 1/1, shape 9/16, index chunk 2/4.
Building reference seed array...  [0.058s]
Building query seed array...  [0s]
Computing hash join...  [0.005s]
Masking low complexity seeds...  [0s]
Searching alignments...  [0s]
Deallocating memory...  [0s]
Processing query block 1, reference block 1/1, shape 9/16, index chunk 3/4.
Building reference seed array...  [0.056s]
Building query seed array...  [0s]
Computing hash join...  [0.006s]
Masking low complexity seeds...  [0s]
Searching alignments...  [0s]
Deallocating memory...  [0s]
Processing query block 1, reference block 1/1, shape 9/16, index chunk 4/4.
Building reference seed array...  [0.043s]
Building query seed array...  [0s]
Computing hash join...  [0.006s]
Masking low complexity seeds...  [0s]
Searching alignments...  [0s]
Deallocating memory...  [0s]
Processing query block 1, reference block 1/1, shape 10/16, index chunk 1/4.
Building reference seed array...  [0.044s]
Building query seed array...  [0s]
Computing hash join...  [0.006s]
Masking low complexity seeds...  [0s]
Searching alignments...  [0s]
Deallocating memory...  [0s]
Processing query block 1, reference block 1/1, shape 10/16, index chunk 2/4.
Building reference seed array...  [0.059s]
Building query seed array...  [0s]
Computing hash join...  [0.006s]
Masking low complexity seeds...  [0s]
Searching alignments...  [0s]
Deallocating memory...  [0s]
Processing query block 1, reference block 1/1, shape 10/16, index chunk 3/4.
Building reference seed array...  [0.056s]
Building query seed array...  [0s]
Computing hash join...  [0.005s]
Masking low complexity seeds...  [0s]
Searching alignments...  [0s]
Deallocating memory...  [0s]
Processing query block 1, reference block 1/1, shape 10/16, index chunk 4/4.
Building reference seed array...  [0.05s]
Building query seed array...  [0s]
Computing hash join...  [0.006s]
Masking low complexity seeds...  [0s]
Searching alignments...  [0s]
Deallocating memory...  [0s]
Processing query block 1, reference block 1/1, shape 11/16, index chunk 1/4.
Building reference seed array...  [0.05s]
Building query seed array...  [0s]
Computing hash join...  [0.006s]
Masking low complexity seeds...  [0s]
Searching alignments...  [0s]
Deallocating memory...  [0s]
Processing query block 1, reference block 1/1, shape 11/16, index chunk 2/4.
Building reference seed array...  [0.061s]
Building query seed array...  [0s]
Computing hash join...  [0.006s]
Masking low complexity seeds...  [0s]
Searching alignments...  [0s]
Deallocating memory...  [0s]
Processing query block 1, reference block 1/1, shape 11/16, index chunk 3/4.
Building reference seed array...  [0.06s]
Building query seed array...  [0s]
Computing hash join...  [0.007s]
Masking low complexity seeds...  [0s]
Searching alignments...  [0s]
Deallocating memory...  [0s]
Processing query block 1, reference block 1/1, shape 11/16, index chunk 4/4.
Building reference seed array...  [0.042s]
Building query seed array...  [0s]
Computing hash join...  [0.006s]
Masking low complexity seeds...  [0s]
Searching alignments...  [0s]
Deallocating memory...  [0s]
Processing query block 1, reference block 1/1, shape 12/16, index chunk 1/4.
Building reference seed array...  [0.054s]
Building query seed array...  [0s]
Computing hash join...  [0.006s]
Masking low complexity seeds...  [0s]
Searching alignments...  [0s]
Deallocating memory...  [0s]
Processing query block 1, reference block 1/1, shape 12/16, index chunk 2/4.
Building reference seed array...  [0.068s]
Building query seed array...  [0s]
Computing hash join...  [0.007s]
Masking low complexity seeds...  [0s]
Searching alignments...  [0s]
Deallocating memory...  [0s]
Processing query block 1, reference block 1/1, shape 12/16, index chunk 3/4.
Building reference seed array...  [0.059s]
Building query seed array...  [0s]
Computing hash join...  [0.006s]
Masking low complexity seeds...  [0s]
Searching alignments...  [0s]
Deallocating memory...  [0s]
Processing query block 1, reference block 1/1, shape 12/16, index chunk 4/4.
Building reference seed array...  [0.053s]
Building query seed array...  [0s]
Computing hash join...  [0.006s]
Masking low complexity seeds...  [0s]
Searching alignments...  [0s]
Deallocating memory...  [0s]
Processing query block 1, reference block 1/1, shape 13/16, index chunk 1/4.
Building reference seed array...  [0.045s]
Building query seed array...  [0s]
Computing hash join...  [0.005s]
Masking low complexity seeds...  [0s]
Searching alignments...  [0s]
Deallocating memory...  [0s]
Processing query block 1, reference block 1/1, shape 13/16, index chunk 2/4.
Building reference seed array...  [0.064s]
Building query seed array...  [0s]
Computing hash join...  [0.006s]
Masking low complexity seeds...  [0s]
Searching alignments...  [0s]
Deallocating memory...  [0s]
Processing query block 1, reference block 1/1, shape 13/16, index chunk 3/4.
Building reference seed array...  [0.059s]
Building query seed array...  [0s]
Computing hash join...  [0.007s]
Masking low complexity seeds...  [0s]
Searching alignments...  [0s]
Deallocating memory...  [0s]
Processing query block 1, reference block 1/1, shape 13/16, index chunk 4/4.
Building reference seed array...  [0.051s]
Building query seed array...  [0s]
Computing hash join...  [0.005s]
Masking low complexity seeds...  [0s]
Searching alignments...  [0s]
Deallocating memory...  [0s]
Processing query block 1, reference block 1/1, shape 14/16, index chunk 1/4.
Building reference seed array...  [0.041s]
Building query seed array...  [0s]
Computing hash join...  [0.006s]
Masking low complexity seeds...  [0s]
Searching alignments...  [0s]
Deallocating memory...  [0s]
Processing query block 1, reference block 1/1, shape 14/16, index chunk 2/4.
Building reference seed array...  [0.069s]
Building query seed array...  [0s]
Computing hash join...  [0.006s]
Masking low complexity seeds...  [0s]
Searching alignments...  [0s]
Deallocating memory...  [0s]
Processing query block 1, reference block 1/1, shape 14/16, index chunk 3/4.
Building reference seed array...  [0.057s]
Building query seed array...  [0s]
Computing hash join...  [0.006s]
Masking low complexity seeds...  [0s]
Searching alignments...  [0s]
Deallocating memory...  [0s]
Processing query block 1, reference block 1/1, shape 14/16, index chunk 4/4.
Building reference seed array...  [0.058s]
Building query seed array...  [0s]
Computing hash join...  [0.005s]
Masking low complexity seeds...  [0s]
Searching alignments...  [0s]
Deallocating memory...  [0s]
Processing query block 1, reference block 1/1, shape 15/16, index chunk 1/4.
Building reference seed array...  [0.047s]
Building query seed array...  [0s]
Computing hash join...  [0.006s]
Masking low complexity seeds...  [0s]
Searching alignments...  [0s]
Deallocating memory...  [0s]
Processing query block 1, reference block 1/1, shape 15/16, index chunk 2/4.
Building reference seed array...  [0.065s]
Building query seed array...  [0s]
Computing hash join...  [0.004s]
Masking low complexity seeds...  [0s]
Searching alignments...  [0s]
Deallocating memory...  [0s]
Processing query block 1, reference block 1/1, shape 15/16, index chunk 3/4.
Building reference seed array...  [0.06s]
Building query seed array...  [0s]
Computing hash join...  [0.007s]
Masking low complexity seeds...  [0s]
Searching alignments...  [0s]
Deallocating memory...  [0s]
Processing query block 1, reference block 1/1, shape 15/16, index chunk 4/4.
Building reference seed array...  [0.05s]
Building query seed array...  [0s]
Computing hash join...  [0.006s]
Masking low complexity seeds...  [0s]
Searching alignments...  [0s]
Deallocating memory...  [0s]
Processing query block 1, reference block 1/1, shape 16/16, index chunk 1/4.
Building reference seed array...  [0.054s]
Building query seed array...  [0s]
Computing hash join...  [0.005s]
Masking low complexity seeds...  [0s]
Searching alignments...  [0s]
Deallocating memory...  [0s]
Processing query block 1, reference block 1/1, shape 16/16, index chunk 2/4.
Building reference seed array...  [0.065s]
Building query seed array...  [0s]
Computing hash join...  [0.006s]
Masking low complexity seeds...  [0s]
Searching alignments...  [0s]
Deallocating memory...  [0s]
Processing query block 1, reference block 1/1, shape 16/16, index chunk 3/4.
Building reference seed array...  [0.053s]
Building query seed array...  [0s]
Computing hash join...  [0.004s]
Masking low complexity seeds...  [0s]
Searching alignments...  [0s]
Deallocating memory...  [0s]
Processing query block 1, reference block 1/1, shape 16/16, index chunk 4/4.
Building reference seed array...  [0.039s]
Building query seed array...  [0s]
Computing hash join...  [0.004s]
Masking low complexity seeds...  [0s]
Searching alignments...  [0s]
Deallocating memory...  [0s]
Deallocating buffers...  [0s]
Clearing query masking...  [0s]
Computing alignments...  [0.142s]
Deallocating reference...  [0s]
Loading reference sequences...  [0s]
Deallocating buffers...  [0s]
Deallocating queries...  [0s]
Loading query sequences...  [0s]
Closing the input file...  [0.001s]
Closing the output file...  [0.067s]
Closing the database...  [0s]
Cleaning up...  [0s]
Total time = 4.877s
Reported 25 pairwise alignments, 25 HSPs.
1 queries aligned.
